Get:1 http://ports.ubuntu.com/ubuntu-ports noble InRelease [256 kB]
Get:2 http://ports.ubuntu.com/ubuntu-ports noble-updates InRelease [126 kB]
Get:3 http://ports.ubuntu.com/ubuntu-ports noble-backports InRelease [126 kB]
Get:4 http://ports.ubuntu.com/ubuntu-ports noble-security InRelease [126 kB]
Get:5 http://ports.ubuntu.com/ubuntu-ports noble/multiverse arm64 Packages [274 kB]
Get:6 http://ports.ubuntu.com/ubuntu-ports noble/universe arm64 Packages [19.0 MB]
Get:7 http://ports.ubuntu.com/ubuntu-ports noble/restricted arm64 Packages [113 kB]
Get:8 http://ports.ubuntu.com/ubuntu-ports noble/main arm64 Packages [1776 kB]
Get:9 http://ports.ubuntu.com/ubuntu-ports noble-updates/main arm64 Packages [1761 kB]
Get:10 http://ports.ubuntu.com/ubuntu-ports noble-updates/restricted arm64 Packages [3185 kB]
Get:11 http://ports.ubuntu.com/ubuntu-ports noble-updates/universe arm64 Packages [2212 kB]
Get:12 http://ports.ubuntu.com/ubuntu-ports noble-updates/multiverse arm64 Packages [110 kB]
Get:13 http://ports.ubuntu.com/ubuntu-ports noble-backports/main arm64 Packages [49.0 kB]
Get:14 http://ports.ubuntu.com/ubuntu-ports noble-backports/universe arm64 Packages [36.3 kB]
Get:15 http://ports.ubuntu.com/ubuntu-ports noble-backports/multiverse arm64 Packages [671 B]
Get:16 http://ports.ubuntu.com/ubuntu-ports noble-security/main arm64 Packages [1394 kB]
Get:17 http://ports.ubuntu.com/ubuntu-ports noble-security/restricted arm64 Packages [2886 kB]
Get:18 http://ports.ubuntu.com/ubuntu-ports noble-security/universe arm64 Packages [1634 kB]
Get:19 http://ports.ubuntu.com/ubuntu-ports noble-security/multiverse arm64 Packages [91.7 kB]
Fetched 35.2 MB in 12s (2835 kB/s)
Reading package lists...
Reading package lists...
Building dependency tree...
Reading state information...
The following additional packages will be installed:
  bsdextrautils groff-base libpipeline1 libpython3-stdlib libuchardet0
  python3-minimal python3.12 python3.12-minimal
Suggested packages:
  groff apparmor www-browser python3-doc python3-tk python3-venv
  python3.12-venv python3.12-doc binfmt-support
The following NEW packages will be installed:
  bsdextrautils groff-base libpipeline1 libpython3-stdlib libuchardet0 man-db
  mandoc python3 python3-minimal python3.12 python3.12-minimal
0 upgraded, 11 newly installed, 0 to remove and 4 not upgraded.
Need to get 5747 kB of archives.
After this operation, 18.7 MB of additional disk space will be used.
Get:1 http://ports.ubuntu.com/ubuntu-ports noble-updates/main arm64 python3.12-minimal arm64 3.12.3-1ubuntu0.17 [2253 kB]
Get:2 http://ports.ubuntu.com/ubuntu-ports noble-updates/main arm64 python3-minimal arm64 3.12.3-0ubuntu2.1 [27.4 kB]
Get:3 http://ports.ubuntu.com/ubuntu-ports noble-updates/main arm64 python3.12 arm64 3.12.3-1ubuntu0.17 [651 kB]
Get:4 http://ports.ubuntu.com/ubuntu-ports noble-updates/main arm64 libpython3-stdlib arm64 3.12.3-0ubuntu2.1 [10.1 kB]
Get:5 http://ports.ubuntu.com/ubuntu-ports noble-updates/main arm64 python3 arm64 3.12.3-0ubuntu2.1 [23.0 kB]
Get:6 http://ports.ubuntu.com/ubuntu-ports noble-updates/main arm64 bsdextrautils arm64 2.39.3-9ubuntu6.6 [71.5 kB]
Get:7 http://ports.ubuntu.com/ubuntu-ports noble/main arm64 libuchardet0 arm64 0.0.8-1build1 [75.4 kB]
Get:8 http://ports.ubuntu.com/ubuntu-ports noble/main arm64 groff-base arm64 1.23.0-3build2 [993 kB]
Get:9 http://ports.ubuntu.com/ubuntu-ports noble/main arm64 libpipeline1 arm64 1.5.7-2 [23.7 kB]
Get:10 http://ports.ubuntu.com/ubuntu-ports noble/main arm64 man-db arm64 2.12.0-4build2 [1232 kB]
Get:11 http://ports.ubuntu.com/ubuntu-ports noble/universe arm64 mandoc arm64 1.14.6-1 [386 kB]
debconf: delaying package configuration, since apt-utils is not installed
Fetched 5747 kB in 4s (1432 kB/s)
Selecting previously unselected package python3.12-minimal.
(Reading database ... 
(Reading database ... 5%
(Reading database ... 10%
(Reading database ... 15%
(Reading database ... 20%
(Reading database ... 25%
(Reading database ... 30%
(Reading database ... 35%
(Reading database ... 40%
(Reading database ... 45%
(Reading database ... 50%
(Reading database ... 55%
(Reading database ... 60%
(Reading database ... 65%
(Reading database ... 70%
(Reading database ... 75%
(Reading database ... 80%
(Reading database ... 85%
(Reading database ... 90%
(Reading database ... 95%
(Reading database ... 100%
(Reading database ... 16766 files and directories currently installed.)
Preparing to unpack .../python3.12-minimal_3.12.3-1ubuntu0.17_arm64.deb ...
Unpacking python3.12-minimal (3.12.3-1ubuntu0.17) ...
Setting up python3.12-minimal (3.12.3-1ubuntu0.17) ...
Selecting previously unselected package python3-minimal.
(Reading database ... 
(Reading database ... 5%
(Reading database ... 10%
(Reading database ... 15%
(Reading database ... 20%
(Reading database ... 25%
(Reading database ... 30%
(Reading database ... 35%
(Reading database ... 40%
(Reading database ... 45%
(Reading database ... 50%
(Reading database ... 55%
(Reading database ... 60%
(Reading database ... 65%
(Reading database ... 70%
(Reading database ... 75%
(Reading database ... 80%
(Reading database ... 85%
(Reading database ... 90%
(Reading database ... 95%
(Reading database ... 100%
(Reading database ... 16777 files and directories currently installed.)
Preparing to unpack .../python3-minimal_3.12.3-0ubuntu2.1_arm64.deb ...
Unpacking python3-minimal (3.12.3-0ubuntu2.1) ...
Selecting previously unselected package python3.12.
Preparing to unpack .../python3.12_3.12.3-1ubuntu0.17_arm64.deb ...
Unpacking python3.12 (3.12.3-1ubuntu0.17) ...
Selecting previously unselected package libpython3-stdlib:arm64.
Preparing to unpack .../libpython3-stdlib_3.12.3-0ubuntu2.1_arm64.deb ...
Unpacking libpython3-stdlib:arm64 (3.12.3-0ubuntu2.1) ...
Setting up python3-minimal (3.12.3-0ubuntu2.1) ...
Selecting previously unselected package python3.
(Reading database ... 
(Reading database ... 5%
(Reading database ... 10%
(Reading database ... 15%
(Reading database ... 20%
(Reading database ... 25%
(Reading database ... 30%
(Reading database ... 35%
(Reading database ... 40%
(Reading database ... 45%
(Reading database ... 50%
(Reading database ... 55%
(Reading database ... 60%
(Reading database ... 65%
(Reading database ... 70%
(Reading database ... 75%
(Reading database ... 80%
(Reading database ... 85%
(Reading database ... 90%
(Reading database ... 95%
(Reading database ... 100%
(Reading database ... 16824 files and directories currently installed.)
Preparing to unpack .../0-python3_3.12.3-0ubuntu2.1_arm64.deb ...
Unpacking python3 (3.12.3-0ubuntu2.1) ...
Selecting previously unselected package bsdextrautils.
Preparing to unpack .../1-bsdextrautils_2.39.3-9ubuntu6.6_arm64.deb ...
Unpacking bsdextrautils (2.39.3-9ubuntu6.6) ...
Selecting previously unselected package libuchardet0:arm64.
Preparing to unpack .../2-libuchardet0_0.0.8-1build1_arm64.deb ...
Unpacking libuchardet0:arm64 (0.0.8-1build1) ...
Selecting previously unselected package groff-base.
Preparing to unpack .../3-groff-base_1.23.0-3build2_arm64.deb ...
Unpacking groff-base (1.23.0-3build2) ...
Selecting previously unselected package libpipeline1:arm64.
Preparing to unpack .../4-libpipeline1_1.5.7-2_arm64.deb ...
Unpacking libpipeline1:arm64 (1.5.7-2) ...
Selecting previously unselected package man-db.
Preparing to unpack .../5-man-db_2.12.0-4build2_arm64.deb ...
Unpacking man-db (2.12.0-4build2) ...
Selecting previously unselected package mandoc.
Preparing to unpack .../6-mandoc_1.14.6-1_arm64.deb ...
Unpacking mandoc (1.14.6-1) ...
Setting up libpipeline1:arm64 (1.5.7-2) ...
Setting up bsdextrautils (2.39.3-9ubuntu6.6) ...
Setting up python3.12 (3.12.3-1ubuntu0.17) ...
Setting up mandoc (1.14.6-1) ...
Setting up libuchardet0:arm64 (0.0.8-1build1) ...
Setting up libpython3-stdlib:arm64 (3.12.3-0ubuntu2.1) ...
Setting up python3 (3.12.3-0ubuntu2.1) ...
Setting up groff-base (1.23.0-3build2) ...
Setting up man-db (2.12.0-4build2) ...
Building database of manual pages ...
Processing triggers for libc-bin (2.39-0ubuntu8.9) ...
swiftjli-cli: 107 process checks passed
