179   execve("/src/.build-cross-codec-linux/release/CrossCodecIntegration", ["/src/.build-cross-codec-linux/re"..., "/evidence/cross-codec-file-acces"...], 0xfffffdffc2d0 /* 11 vars */) = 0
179   openat(AT_FDCWD, "/usr/lib/swift/linux/libswiftCore.so", O_RDONLY|O_CLOEXEC) = 3
179   openat(AT_FDCWD, "/usr/lib/swift/linux/libswiftObservation.so", O_RDONLY|O_CLOEXEC) = 3
179   openat(AT_FDCWD, "/usr/lib/swift/linux/libswift_Concurrency.so", O_RDONLY|O_CLOEXEC) = 3
179   openat(AT_FDCWD, "/usr/lib/swift/linux/libswift_StringProcessing.so", O_RDONLY|O_CLOEXEC) = 3
179   openat(AT_FDCWD, "/usr/lib/swift/linux/libswift_RegexParser.so", O_RDONLY|O_CLOEXEC) = 3
179   openat(AT_FDCWD, "/usr/lib/swift/linux/libswiftSynchronization.so", O_RDONLY|O_CLOEXEC) = 3
179   openat(AT_FDCWD, "/usr/lib/swift/linux/libswiftGlibc.so", O_RDONLY|O_CLOEXEC) = 3
179   openat(AT_FDCWD, "/usr/lib/swift/linux/libBlocksRuntime.so", O_RDONLY|O_CLOEXEC) = 3
179   openat(AT_FDCWD, "/usr/lib/swift/linux/libdispatch.so", O_RDONLY|O_CLOEXEC) = 3
179   openat(AT_FDCWD, "/usr/lib/swift/linux/libswiftDispatch.so", O_RDONLY|O_CLOEXEC) = 3
179   openat(AT_FDCWD, "/usr/lib/swift/linux/libFoundation.so", O_RDONLY|O_CLOEXEC) = 3
179   openat(AT_FDCWD, "/usr/lib/swift/linux/libFoundationEssentials.so", O_RDONLY|O_CLOEXEC) = 3
179   openat(AT_FDCWD, "/usr/lib/swift/linux/libFoundationInternationalization.so", O_RDONLY|O_CLOEXEC) = 3
179   openat(AT_FDCWD, "/usr/lib/swift/linux/libm.so.6", O_RDONLY|O_CLOEXEC) = -1 ENOENT (No such file or directory)
179   openat(AT_FDCWD, "/src/.build-cross-codec-linux/out/Products/Release-linux-aarch64/libm.so.6", O_RDONLY|O_CLOEXEC) = -1 ENOENT (No such file or directory)
179   openat(AT_FDCWD, "/etc/ld.so.cache", O_RDONLY|O_CLOEXEC) = 3
179   openat(AT_FDCWD, "/lib/aarch64-linux-gnu/libm.so.6", O_RDONLY|O_CLOEXEC) = 3
179   openat(AT_FDCWD, "/usr/lib/swift/linux/libc.so.6", O_RDONLY|O_CLOEXEC) = -1 ENOENT (No such file or directory)
179   openat(AT_FDCWD, "/src/.build-cross-codec-linux/out/Products/Release-linux-aarch64/libc.so.6", O_RDONLY|O_CLOEXEC) = -1 ENOENT (No such file or directory)
179   openat(AT_FDCWD, "/lib/aarch64-linux-gnu/libc.so.6", O_RDONLY|O_CLOEXEC) = 3
179   openat(AT_FDCWD, "/usr/lib/swift/linux/libstdc++.so.6", O_RDONLY|O_CLOEXEC) = -1 ENOENT (No such file or directory)
179   openat(AT_FDCWD, "/lib/aarch64-linux-gnu/libstdc++.so.6", O_RDONLY|O_CLOEXEC) = 3
179   openat(AT_FDCWD, "/usr/lib/swift/linux/libgcc_s.so.1", O_RDONLY|O_CLOEXEC) = -1 ENOENT (No such file or directory)
179   openat(AT_FDCWD, "/lib/aarch64-linux-gnu/libgcc_s.so.1", O_RDONLY|O_CLOEXEC) = 3
179   openat(AT_FDCWD, "/usr/lib/swift/linux/libswift_Builtin_float.so", O_RDONLY|O_CLOEXEC) = 3
179   openat(AT_FDCWD, "/usr/lib/swift/linux/lib_FoundationICU.so", O_RDONLY|O_CLOEXEC) = 3
179   openat(AT_FDCWD, "/proc/self/maps", O_RDONLY) = 3
179   openat(AT_FDCWD, "/sys/devices/system/cpu/possible", O_RDONLY|O_CLOEXEC) = 3
179   openat(AT_FDCWD, "/sys/devices/system/cpu/possible", O_RDONLY|O_CLOEXEC) = 3
179   openat(AT_FDCWD, "/sys/devices/system/cpu/possible", O_RDONLY|O_CLOEXEC) = 3
179   openat(AT_FDCWD, "/sys/devices/system/cpu/possible", O_RDONLY|O_CLOEXEC) = 3
179   openat(AT_FDCWD, "/sys/fs/cgroup/cpu/cpu.cfs_quota_us", O_RDONLY|O_NONBLOCK) = -1 ENOENT (No such file or directory)
179   openat(AT_FDCWD, "/sys/fs/cgroup/cpuset/cpuset.cpus", O_RDONLY|O_NONBLOCK) = -1 ENOENT (No such file or directory)
179   openat(AT_FDCWD, "/sys/devices/system/cpu/online", O_RDONLY|O_CLOEXEC) = 3
179   openat(AT_FDCWD, "/dev/urandom", O_RDONLY) = 3
179   openat(AT_FDCWD, "/sys/fs/cgroup/cpu/cpu.cfs_quota_us", O_RDONLY|O_NONBLOCK) = -1 ENOENT (No such file or directory)
179   openat(AT_FDCWD, "/sys/fs/cgroup/cpuset/cpuset.cpus", O_RDONLY|O_NONBLOCK) = -1 ENOENT (No such file or directory)
179   openat(AT_FDCWD, "/sys/devices/system/cpu/online", O_RDONLY|O_CLOEXEC) = 3
179   openat(AT_FDCWD, "/dev/urandom", O_RDONLY) = 3
179   openat(AT_FDCWD, "/dev/urandom", O_RDONLY) = 3
181   openat(AT_FDCWD, "/etc/localtime", O_RDONLY|O_CLOEXEC) = 5
180   openat(AT_FDCWD, "/sys/fs/cgroup/cpu/cpu.cfs_quota_us", O_RDONLY|O_NONBLOCK) = -1 ENOENT (No such file or directory)
180   openat(AT_FDCWD, "/sys/fs/cgroup/cpuset/cpuset.cpus", O_RDONLY|O_NONBLOCK) = -1 ENOENT (No such file or directory)
180   openat(AT_FDCWD, "/sys/devices/system/cpu/online", O_RDONLY|O_CLOEXEC) = 6
180   openat(AT_FDCWD, "/sys/fs/cgroup/cpu/cpu.cfs_quota_us", O_RDONLY|O_NONBLOCK) = -1 ENOENT (No such file or directory)
180   openat(AT_FDCWD, "/sys/fs/cgroup/cpuset/cpuset.cpus", O_RDONLY|O_NONBLOCK) = -1 ENOENT (No such file or directory)
180   openat(AT_FDCWD, "/sys/devices/system/cpu/online", O_RDONLY|O_CLOEXEC) = 6
180   openat(AT_FDCWD, "/sys/fs/cgroup/cpu/cpu.cfs_quota_us", O_RDONLY|O_NONBLOCK) = -1 ENOENT (No such file or directory)
180   openat(AT_FDCWD, "/sys/fs/cgroup/cpuset/cpuset.cpus", O_RDONLY|O_NONBLOCK) = -1 ENOENT (No such file or directory)
180   openat(AT_FDCWD, "/sys/devices/system/cpu/online", O_RDONLY|O_CLOEXEC) = 6
183   openat(AT_FDCWD, "/dev/urandom", O_RDONLY) = 6
183   openat(AT_FDCWD, "/dev/urandom", O_RDONLY) = 6
183   openat(AT_FDCWD, "/dev/urandom", O_RDONLY) = 6
183   openat(AT_FDCWD, "/dev/urandom", O_RDONLY) = 6
180   openat(AT_FDCWD, "/sys/fs/cgroup/cpu/cpu.cfs_quota_us", O_RDONLY|O_NONBLOCK <unfinished ...>
182   openat(AT_FDCWD, "/sys/fs/cgroup/cpu/cpu.cfs_quota_us", O_RDONLY|O_NONBLOCK <unfinished ...>
180   <... openat resumed>)             = -1 ENOENT (No such file or directory)
182   <... openat resumed>)             = -1 ENOENT (No such file or directory)
180   openat(AT_FDCWD, "/sys/fs/cgroup/cpuset/cpuset.cpus", O_RDONLY|O_NONBLOCK <unfinished ...>
182   openat(AT_FDCWD, "/sys/fs/cgroup/cpuset/cpuset.cpus", O_RDONLY|O_NONBLOCK <unfinished ...>
180   <... openat resumed>)             = -1 ENOENT (No such file or directory)
182   <... openat resumed>)             = -1 ENOENT (No such file or directory)
180   openat(AT_FDCWD, "/sys/devices/system/cpu/online", O_RDONLY|O_CLOEXEC <unfinished ...>
182   openat(AT_FDCWD, "/sys/devices/system/cpu/online", O_RDONLY|O_CLOEXEC <unfinished ...>
180   <... openat resumed>)             = 6
182   <... openat resumed>)             = 7
182   openat(AT_FDCWD, "/sys/fs/cgroup/cpu/cpu.cfs_quota_us", O_RDONLY|O_NONBLOCK <unfinished ...>
180   openat(AT_FDCWD, "/sys/fs/cgroup/cpu/cpu.cfs_quota_us", O_RDONLY|O_NONBLOCK <unfinished ...>
182   <... openat resumed>)             = -1 ENOENT (No such file or directory)
180   <... openat resumed>)             = -1 ENOENT (No such file or directory)
182   openat(AT_FDCWD, "/sys/fs/cgroup/cpuset/cpuset.cpus", O_RDONLY|O_NONBLOCK <unfinished ...>
180   openat(AT_FDCWD, "/sys/fs/cgroup/cpuset/cpuset.cpus", O_RDONLY|O_NONBLOCK <unfinished ...>
182   <... openat resumed>)             = -1 ENOENT (No such file or directory)
180   <... openat resumed>)             = -1 ENOENT (No such file or directory)
182   openat(AT_FDCWD, "/sys/devices/system/cpu/online", O_RDONLY|O_CLOEXEC <unfinished ...>
180   openat(AT_FDCWD, "/sys/devices/system/cpu/online", O_RDONLY|O_CLOEXEC <unfinished ...>
182   <... openat resumed>)             = 6
180   <... openat resumed>)             = 7
182   openat(AT_FDCWD, "/sys/fs/cgroup/cpu/cpu.cfs_quota_us", O_RDONLY|O_NONBLOCK <unfinished ...>
180   openat(AT_FDCWD, "/sys/fs/cgroup/cpu/cpu.cfs_quota_us", O_RDONLY|O_NONBLOCK <unfinished ...>
182   <... openat resumed>)             = -1 ENOENT (No such file or directory)
180   <... openat resumed>)             = -1 ENOENT (No such file or directory)
182   openat(AT_FDCWD, "/sys/fs/cgroup/cpuset/cpuset.cpus", O_RDONLY|O_NONBLOCK <unfinished ...>
180   openat(AT_FDCWD, "/sys/fs/cgroup/cpuset/cpuset.cpus", O_RDONLY|O_NONBLOCK <unfinished ...>
182   <... openat resumed>)             = -1 ENOENT (No such file or directory)
180   <... openat resumed>)             = -1 ENOENT (No such file or directory)
182   openat(AT_FDCWD, "/sys/devices/system/cpu/online", O_RDONLY|O_CLOEXEC <unfinished ...>
180   openat(AT_FDCWD, "/sys/devices/system/cpu/online", O_RDONLY|O_CLOEXEC <unfinished ...>
182   <... openat resumed>)             = 6
180   <... openat resumed>)             = 7
183   openat(AT_FDCWD, "/dev/urandom", O_RDONLY) = 6
183   openat(AT_FDCWD, "/dev/urandom", O_RDONLY) = 6
183   openat(AT_FDCWD, "/evidence/cross-codec-file-access/19x13-u12.jpg", O_WRONLY|O_CREAT|O_TRUNC, 0666) = 6
183   openat(AT_FDCWD, "/evidence/cross-codec-file-access/19x13-u12.j2k", O_WRONLY|O_CREAT|O_TRUNC, 0666) = 6
183   openat(AT_FDCWD, "/dev/urandom", O_RDONLY) = 6
183   openat(AT_FDCWD, "/dev/urandom", O_RDONLY) = 6
182   openat(AT_FDCWD, "/sys/fs/cgroup/cpu/cpu.cfs_quota_us", O_RDONLY|O_NONBLOCK) = -1 ENOENT (No such file or directory)
182   openat(AT_FDCWD, "/sys/fs/cgroup/cpuset/cpuset.cpus", O_RDONLY|O_NONBLOCK) = -1 ENOENT (No such file or directory)
182   openat(AT_FDCWD, "/sys/devices/system/cpu/online", O_RDONLY|O_CLOEXEC) = 6
182   openat(AT_FDCWD, "/sys/fs/cgroup/cpu/cpu.cfs_quota_us", O_RDONLY|O_NONBLOCK) = -1 ENOENT (No such file or directory)
182   openat(AT_FDCWD, "/sys/fs/cgroup/cpuset/cpuset.cpus", O_RDONLY|O_NONBLOCK) = -1 ENOENT (No such file or directory)
182   openat(AT_FDCWD, "/sys/devices/system/cpu/online", O_RDONLY|O_CLOEXEC) = 6
182   openat(AT_FDCWD, "/sys/fs/cgroup/cpu/cpu.cfs_quota_us", O_RDONLY|O_NONBLOCK) = -1 ENOENT (No such file or directory)
182   openat(AT_FDCWD, "/sys/fs/cgroup/cpuset/cpuset.cpus", O_RDONLY|O_NONBLOCK) = -1 ENOENT (No such file or directory)
182   openat(AT_FDCWD, "/sys/devices/system/cpu/online", O_RDONLY|O_CLOEXEC) = 6
183   openat(AT_FDCWD, "/dev/urandom", O_RDONLY) = 6
183   openat(AT_FDCWD, "/dev/urandom", O_RDONLY) = 6
183   openat(AT_FDCWD, "/dev/urandom", O_RDONLY) = 6
183   openat(AT_FDCWD, "/dev/urandom", O_RDONLY) = 6
182   openat(AT_FDCWD, "/sys/fs/cgroup/cpu/cpu.cfs_quota_us", O_RDONLY|O_NONBLOCK) = -1 ENOENT (No such file or directory)
180   openat(AT_FDCWD, "/sys/fs/cgroup/cpu/cpu.cfs_quota_us", O_RDONLY|O_NONBLOCK <unfinished ...>
182   openat(AT_FDCWD, "/sys/fs/cgroup/cpuset/cpuset.cpus", O_RDONLY|O_NONBLOCK <unfinished ...>
180   <... openat resumed>)             = -1 ENOENT (No such file or directory)
182   <... openat resumed>)             = -1 ENOENT (No such file or directory)
180   openat(AT_FDCWD, "/sys/fs/cgroup/cpuset/cpuset.cpus", O_RDONLY|O_NONBLOCK <unfinished ...>
182   openat(AT_FDCWD, "/sys/devices/system/cpu/online", O_RDONLY|O_CLOEXEC <unfinished ...>
180   <... openat resumed>)             = -1 ENOENT (No such file or directory)
182   <... openat resumed>)             = 6
180   openat(AT_FDCWD, "/sys/devices/system/cpu/online", O_RDONLY|O_CLOEXEC <unfinished ...>
182   openat(AT_FDCWD, "/sys/fs/cgroup/cpu/cpu.cfs_quota_us", O_RDONLY|O_NONBLOCK <unfinished ...>
180   <... openat resumed>)             = 6
182   <... openat resumed>)             = -1 ENOENT (No such file or directory)
182   openat(AT_FDCWD, "/sys/fs/cgroup/cpuset/cpuset.cpus", O_RDONLY|O_NONBLOCK) = -1 ENOENT (No such file or directory)
182   openat(AT_FDCWD, "/sys/devices/system/cpu/online", O_RDONLY|O_CLOEXEC) = 7
182   openat(AT_FDCWD, "/sys/fs/cgroup/cpu/cpu.cfs_quota_us", O_RDONLY|O_NONBLOCK <unfinished ...>
180   openat(AT_FDCWD, "/sys/fs/cgroup/cpu/cpu.cfs_quota_us", O_RDONLY|O_NONBLOCK <unfinished ...>
182   <... openat resumed>)             = -1 ENOENT (No such file or directory)
182   openat(AT_FDCWD, "/sys/fs/cgroup/cpuset/cpuset.cpus", O_RDONLY|O_NONBLOCK) = -1 ENOENT (No such file or directory)
180   <... openat resumed>)             = -1 ENOENT (No such file or directory)
182   openat(AT_FDCWD, "/sys/devices/system/cpu/online", O_RDONLY|O_CLOEXEC <unfinished ...>
180   openat(AT_FDCWD, "/sys/fs/cgroup/cpuset/cpuset.cpus", O_RDONLY|O_NONBLOCK <unfinished ...>
182   <... openat resumed>)             = 6
180   <... openat resumed>)             = -1 ENOENT (No such file or directory)
180   openat(AT_FDCWD, "/sys/devices/system/cpu/online", O_RDONLY|O_CLOEXEC) = 6
180   openat(AT_FDCWD, "/sys/fs/cgroup/cpu/cpu.cfs_quota_us", O_RDONLY|O_NONBLOCK) = -1 ENOENT (No such file or directory)
180   openat(AT_FDCWD, "/sys/fs/cgroup/cpuset/cpuset.cpus", O_RDONLY|O_NONBLOCK) = -1 ENOENT (No such file or directory)
180   openat(AT_FDCWD, "/sys/devices/system/cpu/online", O_RDONLY|O_CLOEXEC) = 6
183   openat(AT_FDCWD, "/dev/urandom", O_RDONLY) = 6
183   openat(AT_FDCWD, "/dev/urandom", O_RDONLY) = 6
183   openat(AT_FDCWD, "/evidence/cross-codec-file-access/65x31-u12.jpg", O_WRONLY|O_CREAT|O_TRUNC, 0666) = 6
183   openat(AT_FDCWD, "/evidence/cross-codec-file-access/65x31-u12.j2k", O_WRONLY|O_CREAT|O_TRUNC, 0666) = 6
183   openat(AT_FDCWD, "/dev/urandom", O_RDONLY) = 6
183   openat(AT_FDCWD, "/dev/urandom", O_RDONLY) = 6
180   openat(AT_FDCWD, "/sys/fs/cgroup/cpu/cpu.cfs_quota_us", O_RDONLY|O_NONBLOCK) = -1 ENOENT (No such file or directory)
180   openat(AT_FDCWD, "/sys/fs/cgroup/cpuset/cpuset.cpus", O_RDONLY|O_NONBLOCK) = -1 ENOENT (No such file or directory)
180   openat(AT_FDCWD, "/sys/devices/system/cpu/online", O_RDONLY|O_CLOEXEC) = 6
180   openat(AT_FDCWD, "/sys/fs/cgroup/cpu/cpu.cfs_quota_us", O_RDONLY|O_NONBLOCK) = -1 ENOENT (No such file or directory)
180   openat(AT_FDCWD, "/sys/fs/cgroup/cpuset/cpuset.cpus", O_RDONLY|O_NONBLOCK) = -1 ENOENT (No such file or directory)
180   openat(AT_FDCWD, "/sys/devices/system/cpu/online", O_RDONLY|O_CLOEXEC) = 6
180   openat(AT_FDCWD, "/sys/fs/cgroup/cpu/cpu.cfs_quota_us", O_RDONLY|O_NONBLOCK) = -1 ENOENT (No such file or directory)
180   openat(AT_FDCWD, "/sys/fs/cgroup/cpuset/cpuset.cpus", O_RDONLY|O_NONBLOCK) = -1 ENOENT (No such file or directory)
180   openat(AT_FDCWD, "/sys/devices/system/cpu/online", O_RDONLY|O_CLOEXEC) = 6
183   openat(AT_FDCWD, "/dev/urandom", O_RDONLY) = 6
183   openat(AT_FDCWD, "/dev/urandom", O_RDONLY) = 6
183   openat(AT_FDCWD, "/dev/urandom", O_RDONLY) = 6
183   openat(AT_FDCWD, "/dev/urandom", O_RDONLY) = 6
184   openat(AT_FDCWD, "/sys/fs/cgroup/cpu/cpu.cfs_quota_us", O_RDONLY|O_NONBLOCK) = -1 ENOENT (No such file or directory)
184   openat(AT_FDCWD, "/sys/fs/cgroup/cpuset/cpuset.cpus", O_RDONLY|O_NONBLOCK <unfinished ...>
180   openat(AT_FDCWD, "/sys/fs/cgroup/cpu/cpu.cfs_quota_us", O_RDONLY|O_NONBLOCK <unfinished ...>
184   <... openat resumed>)             = -1 ENOENT (No such file or directory)
180   <... openat resumed>)             = -1 ENOENT (No such file or directory)
184   openat(AT_FDCWD, "/sys/devices/system/cpu/online", O_RDONLY|O_CLOEXEC <unfinished ...>
180   openat(AT_FDCWD, "/sys/fs/cgroup/cpuset/cpuset.cpus", O_RDONLY|O_NONBLOCK <unfinished ...>
184   <... openat resumed>)             = 6
180   <... openat resumed>)             = -1 ENOENT (No such file or directory)
180   openat(AT_FDCWD, "/sys/devices/system/cpu/online", O_RDONLY|O_CLOEXEC) = 7
184   openat(AT_FDCWD, "/sys/fs/cgroup/cpu/cpu.cfs_quota_us", O_RDONLY|O_NONBLOCK) = -1 ENOENT (No such file or directory)
184   openat(AT_FDCWD, "/sys/fs/cgroup/cpuset/cpuset.cpus", O_RDONLY|O_NONBLOCK) = -1 ENOENT (No such file or directory)
180   openat(AT_FDCWD, "/sys/fs/cgroup/cpu/cpu.cfs_quota_us", O_RDONLY|O_NONBLOCK <unfinished ...>
184   openat(AT_FDCWD, "/sys/devices/system/cpu/online", O_RDONLY|O_CLOEXEC <unfinished ...>
180   <... openat resumed>)             = -1 ENOENT (No such file or directory)
184   <... openat resumed>)             = 6
180   openat(AT_FDCWD, "/sys/fs/cgroup/cpuset/cpuset.cpus", O_RDONLY|O_NONBLOCK) = -1 ENOENT (No such file or directory)
180   openat(AT_FDCWD, "/sys/devices/system/cpu/online", O_RDONLY|O_CLOEXEC <unfinished ...>
184   openat(AT_FDCWD, "/sys/fs/cgroup/cpu/cpu.cfs_quota_us", O_RDONLY|O_NONBLOCK <unfinished ...>
180   <... openat resumed>)             = 6
184   <... openat resumed>)             = -1 ENOENT (No such file or directory)
184   openat(AT_FDCWD, "/sys/fs/cgroup/cpuset/cpuset.cpus", O_RDONLY|O_NONBLOCK) = -1 ENOENT (No such file or directory)
184   openat(AT_FDCWD, "/sys/devices/system/cpu/online", O_RDONLY|O_CLOEXEC <unfinished ...>
180   openat(AT_FDCWD, "/sys/fs/cgroup/cpu/cpu.cfs_quota_us", O_RDONLY|O_NONBLOCK <unfinished ...>
184   <... openat resumed>)             = 6
180   <... openat resumed>)             = -1 ENOENT (No such file or directory)
180   openat(AT_FDCWD, "/sys/fs/cgroup/cpuset/cpuset.cpus", O_RDONLY|O_NONBLOCK) = -1 ENOENT (No such file or directory)
180   openat(AT_FDCWD, "/sys/devices/system/cpu/online", O_RDONLY|O_CLOEXEC) = 6
183   openat(AT_FDCWD, "/dev/urandom", O_RDONLY) = 6
183   openat(AT_FDCWD, "/dev/urandom", O_RDONLY) = 6
183   openat(AT_FDCWD, "/evidence/cross-codec-file-access/257x17-u12.jpg", O_WRONLY|O_CREAT|O_TRUNC, 0666) = 6
183   openat(AT_FDCWD, "/evidence/cross-codec-file-access/257x17-u12.j2k", O_WRONLY|O_CREAT|O_TRUNC, 0666) = 6
183   openat(AT_FDCWD, "/dev/urandom", O_RDONLY) = 6
183   openat(AT_FDCWD, "/dev/urandom", O_RDONLY) = 6
180   openat(AT_FDCWD, "/sys/fs/cgroup/cpu/cpu.cfs_quota_us", O_RDONLY|O_NONBLOCK) = -1 ENOENT (No such file or directory)
180   openat(AT_FDCWD, "/sys/fs/cgroup/cpuset/cpuset.cpus", O_RDONLY|O_NONBLOCK) = -1 ENOENT (No such file or directory)
180   openat(AT_FDCWD, "/sys/devices/system/cpu/online", O_RDONLY|O_CLOEXEC) = 6
180   openat(AT_FDCWD, "/sys/fs/cgroup/cpu/cpu.cfs_quota_us", O_RDONLY|O_NONBLOCK) = -1 ENOENT (No such file or directory)
180   openat(AT_FDCWD, "/sys/fs/cgroup/cpuset/cpuset.cpus", O_RDONLY|O_NONBLOCK) = -1 ENOENT (No such file or directory)
180   openat(AT_FDCWD, "/sys/devices/system/cpu/online", O_RDONLY|O_CLOEXEC) = 6
180   openat(AT_FDCWD, "/sys/fs/cgroup/cpu/cpu.cfs_quota_us", O_RDONLY|O_NONBLOCK) = -1 ENOENT (No such file or directory)
180   openat(AT_FDCWD, "/sys/fs/cgroup/cpuset/cpuset.cpus", O_RDONLY|O_NONBLOCK) = -1 ENOENT (No such file or directory)
180   openat(AT_FDCWD, "/sys/devices/system/cpu/online", O_RDONLY|O_CLOEXEC) = 6
183   openat(AT_FDCWD, "/dev/urandom", O_RDONLY) = 6
183   openat(AT_FDCWD, "/dev/urandom", O_RDONLY) = 6
183   openat(AT_FDCWD, "/dev/urandom", O_RDONLY) = 6
183   openat(AT_FDCWD, "/dev/urandom", O_RDONLY) = 6
185   openat(AT_FDCWD, "/sys/fs/cgroup/cpu/cpu.cfs_quota_us", O_RDONLY|O_NONBLOCK) = -1 ENOENT (No such file or directory)
180   openat(AT_FDCWD, "/sys/fs/cgroup/cpu/cpu.cfs_quota_us", O_RDONLY|O_NONBLOCK <unfinished ...>
185   openat(AT_FDCWD, "/sys/fs/cgroup/cpuset/cpuset.cpus", O_RDONLY|O_NONBLOCK <unfinished ...>
180   <... openat resumed>)             = -1 ENOENT (No such file or directory)
185   <... openat resumed>)             = -1 ENOENT (No such file or directory)
180   openat(AT_FDCWD, "/sys/fs/cgroup/cpuset/cpuset.cpus", O_RDONLY|O_NONBLOCK <unfinished ...>
185   openat(AT_FDCWD, "/sys/devices/system/cpu/online", O_RDONLY|O_CLOEXEC <unfinished ...>
180   <... openat resumed>)             = -1 ENOENT (No such file or directory)
185   <... openat resumed>)             = 6
180   openat(AT_FDCWD, "/sys/devices/system/cpu/online", O_RDONLY|O_CLOEXEC) = 7
185   openat(AT_FDCWD, "/sys/fs/cgroup/cpu/cpu.cfs_quota_us", O_RDONLY|O_NONBLOCK) = -1 ENOENT (No such file or directory)
180   openat(AT_FDCWD, "/sys/fs/cgroup/cpu/cpu.cfs_quota_us", O_RDONLY|O_NONBLOCK <unfinished ...>
185   openat(AT_FDCWD, "/sys/fs/cgroup/cpuset/cpuset.cpus", O_RDONLY|O_NONBLOCK <unfinished ...>
180   <... openat resumed>)             = -1 ENOENT (No such file or directory)
185   <... openat resumed>)             = -1 ENOENT (No such file or directory)
180   openat(AT_FDCWD, "/sys/fs/cgroup/cpuset/cpuset.cpus", O_RDONLY|O_NONBLOCK <unfinished ...>
185   openat(AT_FDCWD, "/sys/devices/system/cpu/online", O_RDONLY|O_CLOEXEC <unfinished ...>
180   <... openat resumed>)             = -1 ENOENT (No such file or directory)
185   <... openat resumed>)             = 6
180   openat(AT_FDCWD, "/sys/devices/system/cpu/online", O_RDONLY|O_CLOEXEC) = 7
180   openat(AT_FDCWD, "/sys/fs/cgroup/cpu/cpu.cfs_quota_us", O_RDONLY|O_NONBLOCK) = -1 ENOENT (No such file or directory)
180   openat(AT_FDCWD, "/sys/fs/cgroup/cpuset/cpuset.cpus", O_RDONLY|O_NONBLOCK <unfinished ...>
185   openat(AT_FDCWD, "/sys/fs/cgroup/cpu/cpu.cfs_quota_us", O_RDONLY|O_NONBLOCK <unfinished ...>
180   <... openat resumed>)             = -1 ENOENT (No such file or directory)
185   <... openat resumed>)             = -1 ENOENT (No such file or directory)
180   openat(AT_FDCWD, "/sys/devices/system/cpu/online", O_RDONLY|O_CLOEXEC <unfinished ...>
185   openat(AT_FDCWD, "/sys/fs/cgroup/cpuset/cpuset.cpus", O_RDONLY|O_NONBLOCK <unfinished ...>
180   <... openat resumed>)             = 6
185   <... openat resumed>)             = -1 ENOENT (No such file or directory)
185   openat(AT_FDCWD, "/sys/devices/system/cpu/online", O_RDONLY|O_CLOEXEC) = 6
183   openat(AT_FDCWD, "/dev/urandom", O_RDONLY) = 6
183   openat(AT_FDCWD, "/dev/urandom", O_RDONLY) = 6
183   openat(AT_FDCWD, "/evidence/cross-codec-file-access/19x13-u16.jpg", O_WRONLY|O_CREAT|O_TRUNC, 0666) = 6
183   openat(AT_FDCWD, "/evidence/cross-codec-file-access/19x13-u16.j2k", O_WRONLY|O_CREAT|O_TRUNC, 0666) = 6
183   openat(AT_FDCWD, "/dev/urandom", O_RDONLY) = 6
183   openat(AT_FDCWD, "/dev/urandom", O_RDONLY) = 6
182   openat(AT_FDCWD, "/sys/fs/cgroup/cpu/cpu.cfs_quota_us", O_RDONLY|O_NONBLOCK) = -1 ENOENT (No such file or directory)
182   openat(AT_FDCWD, "/sys/fs/cgroup/cpuset/cpuset.cpus", O_RDONLY|O_NONBLOCK) = -1 ENOENT (No such file or directory)
182   openat(AT_FDCWD, "/sys/devices/system/cpu/online", O_RDONLY|O_CLOEXEC) = 6
182   openat(AT_FDCWD, "/sys/fs/cgroup/cpu/cpu.cfs_quota_us", O_RDONLY|O_NONBLOCK) = -1 ENOENT (No such file or directory)
182   openat(AT_FDCWD, "/sys/fs/cgroup/cpuset/cpuset.cpus", O_RDONLY|O_NONBLOCK) = -1 ENOENT (No such file or directory)
182   openat(AT_FDCWD, "/sys/devices/system/cpu/online", O_RDONLY|O_CLOEXEC) = 6
182   openat(AT_FDCWD, "/sys/fs/cgroup/cpu/cpu.cfs_quota_us", O_RDONLY|O_NONBLOCK) = -1 ENOENT (No such file or directory)
182   openat(AT_FDCWD, "/sys/fs/cgroup/cpuset/cpuset.cpus", O_RDONLY|O_NONBLOCK) = -1 ENOENT (No such file or directory)
182   openat(AT_FDCWD, "/sys/devices/system/cpu/online", O_RDONLY|O_CLOEXEC) = 6
183   openat(AT_FDCWD, "/dev/urandom", O_RDONLY) = 6
183   openat(AT_FDCWD, "/dev/urandom", O_RDONLY) = 6
183   openat(AT_FDCWD, "/dev/urandom", O_RDONLY) = 6
183   openat(AT_FDCWD, "/dev/urandom", O_RDONLY) = 6
184   openat(AT_FDCWD, "/sys/fs/cgroup/cpu/cpu.cfs_quota_us", O_RDONLY|O_NONBLOCK <unfinished ...>
185   openat(AT_FDCWD, "/sys/fs/cgroup/cpu/cpu.cfs_quota_us", O_RDONLY|O_NONBLOCK <unfinished ...>
184   <... openat resumed>)             = -1 ENOENT (No such file or directory)
185   <... openat resumed>)             = -1 ENOENT (No such file or directory)
184   openat(AT_FDCWD, "/sys/fs/cgroup/cpuset/cpuset.cpus", O_RDONLY|O_NONBLOCK <unfinished ...>
185   openat(AT_FDCWD, "/sys/fs/cgroup/cpuset/cpuset.cpus", O_RDONLY|O_NONBLOCK <unfinished ...>
184   <... openat resumed>)             = -1 ENOENT (No such file or directory)
185   <... openat resumed>)             = -1 ENOENT (No such file or directory)
184   openat(AT_FDCWD, "/sys/devices/system/cpu/online", O_RDONLY|O_CLOEXEC) = 6
185   openat(AT_FDCWD, "/sys/devices/system/cpu/online", O_RDONLY|O_CLOEXEC) = 7
184   openat(AT_FDCWD, "/sys/fs/cgroup/cpu/cpu.cfs_quota_us", O_RDONLY|O_NONBLOCK <unfinished ...>
185   openat(AT_FDCWD, "/sys/fs/cgroup/cpu/cpu.cfs_quota_us", O_RDONLY|O_NONBLOCK <unfinished ...>
184   <... openat resumed>)             = -1 ENOENT (No such file or directory)
185   <... openat resumed>)             = -1 ENOENT (No such file or directory)
184   openat(AT_FDCWD, "/sys/fs/cgroup/cpuset/cpuset.cpus", O_RDONLY|O_NONBLOCK <unfinished ...>
185   openat(AT_FDCWD, "/sys/fs/cgroup/cpuset/cpuset.cpus", O_RDONLY|O_NONBLOCK <unfinished ...>
184   <... openat resumed>)             = -1 ENOENT (No such file or directory)
185   <... openat resumed>)             = -1 ENOENT (No such file or directory)
184   openat(AT_FDCWD, "/sys/devices/system/cpu/online", O_RDONLY|O_CLOEXEC <unfinished ...>
185   openat(AT_FDCWD, "/sys/devices/system/cpu/online", O_RDONLY|O_CLOEXEC <unfinished ...>
184   <... openat resumed>)             = 6
185   <... openat resumed>)             = 7
185   openat(AT_FDCWD, "/sys/fs/cgroup/cpu/cpu.cfs_quota_us", O_RDONLY|O_NONBLOCK <unfinished ...>
184   openat(AT_FDCWD, "/sys/fs/cgroup/cpu/cpu.cfs_quota_us", O_RDONLY|O_NONBLOCK <unfinished ...>
185   <... openat resumed>)             = -1 ENOENT (No such file or directory)
184   <... openat resumed>)             = -1 ENOENT (No such file or directory)
185   openat(AT_FDCWD, "/sys/fs/cgroup/cpuset/cpuset.cpus", O_RDONLY|O_NONBLOCK <unfinished ...>
184   openat(AT_FDCWD, "/sys/fs/cgroup/cpuset/cpuset.cpus", O_RDONLY|O_NONBLOCK <unfinished ...>
185   <... openat resumed>)             = -1 ENOENT (No such file or directory)
184   <... openat resumed>)             = -1 ENOENT (No such file or directory)
185   openat(AT_FDCWD, "/sys/devices/system/cpu/online", O_RDONLY|O_CLOEXEC <unfinished ...>
184   openat(AT_FDCWD, "/sys/devices/system/cpu/online", O_RDONLY|O_CLOEXEC <unfinished ...>
185   <... openat resumed>)             = 6
184   <... openat resumed>)             = 7
183   openat(AT_FDCWD, "/dev/urandom", O_RDONLY) = 6
183   openat(AT_FDCWD, "/dev/urandom", O_RDONLY) = 6
183   openat(AT_FDCWD, "/evidence/cross-codec-file-access/65x31-u16.jpg", O_WRONLY|O_CREAT|O_TRUNC, 0666) = 6
183   openat(AT_FDCWD, "/evidence/cross-codec-file-access/65x31-u16.j2k", O_WRONLY|O_CREAT|O_TRUNC, 0666) = 6
183   openat(AT_FDCWD, "/dev/urandom", O_RDONLY) = 6
183   openat(AT_FDCWD, "/dev/urandom", O_RDONLY) = 6
185   openat(AT_FDCWD, "/sys/fs/cgroup/cpu/cpu.cfs_quota_us", O_RDONLY|O_NONBLOCK) = -1 ENOENT (No such file or directory)
185   openat(AT_FDCWD, "/sys/fs/cgroup/cpuset/cpuset.cpus", O_RDONLY|O_NONBLOCK) = -1 ENOENT (No such file or directory)
185   openat(AT_FDCWD, "/sys/devices/system/cpu/online", O_RDONLY|O_CLOEXEC) = 6
185   openat(AT_FDCWD, "/sys/fs/cgroup/cpu/cpu.cfs_quota_us", O_RDONLY|O_NONBLOCK) = -1 ENOENT (No such file or directory)
185   openat(AT_FDCWD, "/sys/fs/cgroup/cpuset/cpuset.cpus", O_RDONLY|O_NONBLOCK) = -1 ENOENT (No such file or directory)
185   openat(AT_FDCWD, "/sys/devices/system/cpu/online", O_RDONLY|O_CLOEXEC) = 6
185   openat(AT_FDCWD, "/sys/fs/cgroup/cpu/cpu.cfs_quota_us", O_RDONLY|O_NONBLOCK) = -1 ENOENT (No such file or directory)
185   openat(AT_FDCWD, "/sys/fs/cgroup/cpuset/cpuset.cpus", O_RDONLY|O_NONBLOCK) = -1 ENOENT (No such file or directory)
185   openat(AT_FDCWD, "/sys/devices/system/cpu/online", O_RDONLY|O_CLOEXEC) = 6
183   openat(AT_FDCWD, "/dev/urandom", O_RDONLY) = 6
183   openat(AT_FDCWD, "/dev/urandom", O_RDONLY) = 6
183   openat(AT_FDCWD, "/dev/urandom", O_RDONLY) = 6
183   openat(AT_FDCWD, "/dev/urandom", O_RDONLY) = 6
180   openat(AT_FDCWD, "/sys/fs/cgroup/cpu/cpu.cfs_quota_us", O_RDONLY|O_NONBLOCK) = -1 ENOENT (No such file or directory)
184   openat(AT_FDCWD, "/sys/fs/cgroup/cpu/cpu.cfs_quota_us", O_RDONLY|O_NONBLOCK <unfinished ...>
180   openat(AT_FDCWD, "/sys/fs/cgroup/cpuset/cpuset.cpus", O_RDONLY|O_NONBLOCK <unfinished ...>
184   <... openat resumed>)             = -1 ENOENT (No such file or directory)
180   <... openat resumed>)             = -1 ENOENT (No such file or directory)
184   openat(AT_FDCWD, "/sys/fs/cgroup/cpuset/cpuset.cpus", O_RDONLY|O_NONBLOCK <unfinished ...>
180   openat(AT_FDCWD, "/sys/devices/system/cpu/online", O_RDONLY|O_CLOEXEC <unfinished ...>
184   <... openat resumed>)             = -1 ENOENT (No such file or directory)
180   <... openat resumed>)             = 6
184   openat(AT_FDCWD, "/sys/devices/system/cpu/online", O_RDONLY|O_CLOEXEC) = 7
180   openat(AT_FDCWD, "/sys/fs/cgroup/cpu/cpu.cfs_quota_us", O_RDONLY|O_NONBLOCK) = -1 ENOENT (No such file or directory)
184   openat(AT_FDCWD, "/sys/fs/cgroup/cpu/cpu.cfs_quota_us", O_RDONLY|O_NONBLOCK <unfinished ...>
180   openat(AT_FDCWD, "/sys/fs/cgroup/cpuset/cpuset.cpus", O_RDONLY|O_NONBLOCK <unfinished ...>
184   <... openat resumed>)             = -1 ENOENT (No such file or directory)
180   <... openat resumed>)             = -1 ENOENT (No such file or directory)
184   openat(AT_FDCWD, "/sys/fs/cgroup/cpuset/cpuset.cpus", O_RDONLY|O_NONBLOCK <unfinished ...>
180   openat(AT_FDCWD, "/sys/devices/system/cpu/online", O_RDONLY|O_CLOEXEC <unfinished ...>
184   <... openat resumed>)             = -1 ENOENT (No such file or directory)
180   <... openat resumed>)             = 6
184   openat(AT_FDCWD, "/sys/devices/system/cpu/online", O_RDONLY|O_CLOEXEC) = 7
180   openat(AT_FDCWD, "/sys/fs/cgroup/cpu/cpu.cfs_quota_us", O_RDONLY|O_NONBLOCK) = -1 ENOENT (No such file or directory)
184   openat(AT_FDCWD, "/sys/fs/cgroup/cpu/cpu.cfs_quota_us", O_RDONLY|O_NONBLOCK <unfinished ...>
180   openat(AT_FDCWD, "/sys/fs/cgroup/cpuset/cpuset.cpus", O_RDONLY|O_NONBLOCK <unfinished ...>
184   <... openat resumed>)             = -1 ENOENT (No such file or directory)
180   <... openat resumed>)             = -1 ENOENT (No such file or directory)
184   openat(AT_FDCWD, "/sys/fs/cgroup/cpuset/cpuset.cpus", O_RDONLY|O_NONBLOCK <unfinished ...>
180   openat(AT_FDCWD, "/sys/devices/system/cpu/online", O_RDONLY|O_CLOEXEC <unfinished ...>
184   <... openat resumed>)             = -1 ENOENT (No such file or directory)
180   <... openat resumed>)             = 6
184   openat(AT_FDCWD, "/sys/devices/system/cpu/online", O_RDONLY|O_CLOEXEC) = 7
183   openat(AT_FDCWD, "/dev/urandom", O_RDONLY) = 6
183   openat(AT_FDCWD, "/dev/urandom", O_RDONLY) = 6
183   openat(AT_FDCWD, "/evidence/cross-codec-file-access/257x17-u16.jpg", O_WRONLY|O_CREAT|O_TRUNC, 0666) = 6
183   openat(AT_FDCWD, "/evidence/cross-codec-file-access/257x17-u16.j2k", O_WRONLY|O_CREAT|O_TRUNC, 0666) = 6
180   +++ exited with 0 +++
183   +++ exited with 0 +++
185   +++ exited with 0 +++
184   +++ exited with 0 +++
182   +++ exited with 0 +++
181   +++ exited with 0 +++
179   +++ exited with 0 +++
